// Jest Snapshot v1, https://goo.gl/fbAQLP

exports[`Components/Modal Default smoke-test 1`] = `
<button class="cmpui_button"
        data-variant="primary"
        data-size="M"
>
  Open
</button>
`;
